{
  "Edit-AzRecoveryServicesBackupRetentionPolicyClientObject+[NoContext]+CommonCommandToUpdateAllRetentions+$PUT+https://management.azure.com/subscriptions/38304e13-357e-405e-9e9a-220351dcce8c/resourceGroups/arohijain-rg/providers/Microsoft.RecoveryServices/vaults/arohijain-vault/backupPolicies/arohijain-p-1?api-version=2023-02-01+1": {
    "Request": {
      "Method": "PUT",
      "RequestUri": "https://management.azure.com/subscriptions/38304e13-357e-405e-9e9a-220351dcce8c/resourceGroups/arohijain-rg/providers/Microsoft.RecoveryServices/vaults/arohijain-vault/backupPolicies/arohijain-p-1?api-version=2023-02-01",
      "Content": "{\r\n  \"properties\": {\r\n    \"protectedItemsCount\": 0,\r\n    \"backupManagementType\": \"AzureIaasVM\",\r\n    \"schedulePolicy\": {\r\n      \"schedulePolicyType\": \"SimpleSchedulePolicy\",\r\n      \"scheduleRunFrequency\": \"Daily\",\r\n      \"scheduleRunTimes\": [ \"2023-05-22T14:00:00.0000000Z\" ],\r\n      \"scheduleWeeklyFrequency\": 0\r\n    },\r\n    \"retentionPolicy\": {\r\n      \"retentionPolicyType\": \"LongTermRetentionPolicy\",\r\n      \"dailySchedule\": {\r\n        \"retentionTimes\": [ \"2023-05-22T14:00:00.0000000Z\" ],\r\n        \"retentionDuration\": {\r\n          \"count\": 56,\r\n          \"durationType\": \"Days\"\r\n        }\r\n      },\r\n      \"weeklySchedule\": {\r\n        \"daysOfTheWeek\": [ \"Sunday\" ],\r\n        \"retentionTimes\": [ \"2023-05-22T14:00:00.0000000Z\" ],\r\n        \"retentionDuration\": {\r\n          \"count\": 34,\r\n          \"durationType\": \"Weeks\"\r\n        }\r\n      },\r\n      \"monthlySchedule\": {\r\n        \"retentionScheduleFormatType\": \"Daily\",\r\n        \"retentionScheduleDaily\": {\r\n          \"daysOfTheMonth\": [\r\n            {\r\n              \"date\": 1\r\n            },\r\n            {\r\n              \"date\": 2\r\n            },\r\n            {\r\n              \"date\": 3\r\n            }\r\n          ]\r\n        },\r\n        \"retentionScheduleWeekly\": {\r\n          \"daysOfTheWeek\": [ \"Sunday\" ],\r\n          \"weeksOfTheMonth\": [ \"First\" ]\r\n        },\r\n        \"retentionTimes\": [ \"2023-05-22T14:00:00.0000000Z\" ],\r\n        \"retentionDuration\": {\r\n          \"count\": 54,\r\n          \"durationType\": \"Months\"\r\n        }\r\n      },\r\n      \"yearlySchedule\": {\r\n        \"retentionScheduleFormatType\": \"Daily\",\r\n        \"monthsOfYear\": [ \"March\", \"April\" ],\r\n        \"retentionScheduleDaily\": {\r\n          \"daysOfTheMonth\": [\r\n            {\r\n              \"date\": 2\r\n            },\r\n            {\r\n              \"date\": 4\r\n            },\r\n            {\r\n              \"date\": 5\r\n            }\r\n          ]\r\n        },\r\n        \"retentionScheduleWeekly\": {\r\n          \"daysOfTheWeek\": [ \"Sunday\" ],\r\n          \"weeksOfTheMonth\": [ \"First\" ]\r\n        },\r\n        \"retentionTimes\": [ \"2023-05-22T14:00:00.0000000Z\" ],\r\n        \"retentionDuration\": {\r\n          \"count\": 47,\r\n          \"durationType\": \"Years\"\r\n        }\r\n      }\r\n    },\r\n    \"tieringPolicy\": {\r\n      \"ArchivedRP\": {\r\n        \"tieringMode\": \"DoNotTier\",\r\n        \"duration\": 0,\r\n        \"durationType\": \"Invalid\"\r\n      }\r\n    },\r\n    \"instantRpRetentionRangeInDays\": 2,\r\n    \"timeZone\": \"UTC\",\r\n    \"policyType\": \"V1\"\r\n  }\r\n}",
      "isContentBase64": false,
      "Headers": {
      },
      "ContentHeaders": {
        "Content-Type": [ "application/json" ],
        "Content-Length": [ "2448" ]
      }
    },
    "Response": {
      "StatusCode": 200,
      "Headers": {
        "Cache-Control": [ "no-cache" ],
        "Pragma": [ "no-cache" ],
        "X-Content-Type-Options": [ "nosniff" ],
        "x-ms-request-id": [ "b76b801f-8f24-4bd2-97a3-a6d1a8a3ef57" ],
        "x-ms-client-request-id": [ "62274606-dd01-4fa0-a340-5f06203201b3" ],
        "Strict-Transport-Security": [ "max-age=31536000; includeSubDomains" ],
        "Server": [ "Kestrel" ],
        "X-Powered-By": [ "ASP.NET" ],
        "x-ms-ratelimit-remaining-subscription-writes": [ "1199" ],
        "x-ms-correlation-request-id": [ "b76b801f-8f24-4bd2-97a3-a6d1a8a3ef57" ],
        "x-ms-routing-request-id": [ "WESTINDIA:20231106T124952Z:b76b801f-8f24-4bd2-97a3-a6d1a8a3ef57" ],
        "Date": [ "Mon, 06 Nov 2023 12:49:51 GMT" ]
      },
      "ContentHeaders": {
        "Content-Length": [ "1774" ],
        "Content-Type": [ "application/json; charset=utf-8" ],
        "Expires": [ "-1" ]
      },
      "Content": "{\"id\":\"/subscriptions/38304e13-357e-405e-9e9a-220351dcce8c/resourceGroups/arohijain-rg/providers/Microsoft.RecoveryServices/vaults/arohijain-vault/backupPolicies/arohijain-p-1\",\"name\":\"arohijain-p-1\",\"type\":\"Microsoft.RecoveryServices/vaults/backupPolicies\",\"properties\":{\"backupManagementType\":\"AzureIaasVM\",\"policyType\":\"V1\",\"instantRPDetails\":{},\"schedulePolicy\":{\"schedulePolicyType\":\"SimpleSchedulePolicy\",\"scheduleRunFrequency\":\"Daily\",\"scheduleRunTimes\":[\"2023-05-22T14:00:00Z\"],\"scheduleWeeklyFrequency\":0},\"retentionPolicy\":{\"retentionPolicyType\":\"LongTermRetentionPolicy\",\"dailySchedule\":{\"retentionTimes\":[\"2023-05-22T14:00:00Z\"],\"retentionDuration\":{\"count\":56,\"durationType\":\"Days\"}},\"weeklySchedule\":{\"daysOfTheWeek\":[\"Sunday\"],\"retentionTimes\":[\"2023-05-22T14:00:00Z\"],\"retentionDuration\":{\"count\":34,\"durationType\":\"Weeks\"}},\"monthlySchedule\":{\"retentionScheduleFormatType\":\"Daily\",\"retentionScheduleDaily\":{\"daysOfTheMonth\":[{\"date\":1,\"isLast\":false},{\"date\":2,\"isLast\":false},{\"date\":3,\"isLast\":false}]},\"retentionScheduleWeekly\":{\"daysOfTheWeek\":[\"Sunday\"],\"weeksOfTheMonth\":[\"First\"]},\"retentionTimes\":[\"2023-05-22T14:00:00Z\"],\"retentionDuration\":{\"count\":54,\"durationType\":\"Months\"}},\"yearlySchedule\":{\"retentionScheduleFormatType\":\"Daily\",\"monthsOfYear\":[\"March\",\"April\"],\"retentionScheduleDaily\":{\"daysOfTheMonth\":[{\"date\":2,\"isLast\":false},{\"date\":4,\"isLast\":false},{\"date\":5,\"isLast\":false}]},\"retentionScheduleWeekly\":{\"daysOfTheWeek\":[\"Sunday\"],\"weeksOfTheMonth\":[\"First\"]},\"retentionTimes\":[\"2023-05-22T14:00:00Z\"],\"retentionDuration\":{\"count\":47,\"durationType\":\"Years\"}}},\"tieringPolicy\":{\"ArchivedRP\":{\"tieringMode\":\"DoNotTier\",\"duration\":0,\"durationType\":\"Invalid\"}},\"instantRpRetentionRangeInDays\":2,\"timeZone\":\"UTC\",\"protectedItemsCount\":0}}",
      "isContentBase64": false
    }
  },
  "Edit-AzRecoveryServicesBackupRetentionPolicyClientObject+[NoContext]+CommonCommandToUpdateAllRetentions+$GET+https://management.azure.com/subscriptions/38304e13-357e-405e-9e9a-220351dcce8c/resourceGroups/arohijain-rg/providers/Microsoft.RecoveryServices/vaults/arohijain-vault/backupPolicies/arohijain-p-1?api-version=2023-02-01+2": {
    "Request": {
      "Method": "GET",
      "RequestUri": "https://management.azure.com/subscriptions/38304e13-357e-405e-9e9a-220351dcce8c/resourceGroups/arohijain-rg/providers/Microsoft.RecoveryServices/vaults/arohijain-vault/backupPolicies/arohijain-p-1?api-version=2023-02-01",
      "Content": null,
      "isContentBase64": false,
      "Headers": {
        "x-ms-unique-id": [ "2" ],
        "x-ms-client-request-id": [ "9b8da259-b673-4ddb-b81b-e7a7f72dc40c" ],
        "CommandName": [ "Az.RecoveryServices.Internal\\Get-AzRecoveryServicesBackupPolicy" ],
        "FullCommandName": [ "Get-AzRecoveryServicesBackupPolicy_Get" ],
        "ParameterSetName": [ "__AllParameterSets" ],
        "User-Agent": [ "AzurePowershell/v0.0.0", "PSVersion/v7.3.9", "Az.RecoveryServices/0.1.0" ],
        "Authorization": [ "[Filtered]" ]
      },
      "ContentHeaders": {
      }
    },
    "Response": {
      "StatusCode": 200,
      "Headers": {
        "Cache-Control": [ "no-cache" ],
        "Pragma": [ "no-cache" ],
        "X-Content-Type-Options": [ "nosniff" ],
        "x-ms-request-id": [ "f4bb6037-b717-4c04-a3ae-43cb3d49cf0d" ],
        "x-ms-client-request-id": [ "9b8da259-b673-4ddb-b81b-e7a7f72dc40c" ],
        "Strict-Transport-Security": [ "max-age=31536000; includeSubDomains" ],
        "Server": [ "Kestrel" ],
        "X-Powered-By": [ "ASP.NET" ],
        "x-ms-ratelimit-remaining-subscription-resource-requests": [ "299" ],
        "x-ms-correlation-request-id": [ "f4bb6037-b717-4c04-a3ae-43cb3d49cf0d" ],
        "x-ms-routing-request-id": [ "WESTINDIA:20231106T124952Z:f4bb6037-b717-4c04-a3ae-43cb3d49cf0d" ],
        "Date": [ "Mon, 06 Nov 2023 12:49:52 GMT" ]
      },
      "ContentHeaders": {
        "Content-Length": [ "1774" ],
        "Content-Type": [ "application/json; charset=utf-8" ],
        "Expires": [ "-1" ]
      },
      "Content": "{\"id\":\"/subscriptions/38304e13-357e-405e-9e9a-220351dcce8c/resourceGroups/arohijain-rg/providers/Microsoft.RecoveryServices/vaults/arohijain-vault/backupPolicies/arohijain-p-1\",\"name\":\"arohijain-p-1\",\"type\":\"Microsoft.RecoveryServices/vaults/backupPolicies\",\"properties\":{\"backupManagementType\":\"AzureIaasVM\",\"policyType\":\"V1\",\"instantRPDetails\":{},\"schedulePolicy\":{\"schedulePolicyType\":\"SimpleSchedulePolicy\",\"scheduleRunFrequency\":\"Daily\",\"scheduleRunTimes\":[\"2023-05-22T14:00:00Z\"],\"scheduleWeeklyFrequency\":0},\"retentionPolicy\":{\"retentionPolicyType\":\"LongTermRetentionPolicy\",\"dailySchedule\":{\"retentionTimes\":[\"2023-05-22T14:00:00Z\"],\"retentionDuration\":{\"count\":56,\"durationType\":\"Days\"}},\"weeklySchedule\":{\"daysOfTheWeek\":[\"Sunday\"],\"retentionTimes\":[\"2023-05-22T14:00:00Z\"],\"retentionDuration\":{\"count\":34,\"durationType\":\"Weeks\"}},\"monthlySchedule\":{\"retentionScheduleFormatType\":\"Daily\",\"retentionScheduleDaily\":{\"daysOfTheMonth\":[{\"date\":1,\"isLast\":false},{\"date\":2,\"isLast\":false},{\"date\":3,\"isLast\":false}]},\"retentionScheduleWeekly\":{\"daysOfTheWeek\":[\"Sunday\"],\"weeksOfTheMonth\":[\"First\"]},\"retentionTimes\":[\"2023-05-22T14:00:00Z\"],\"retentionDuration\":{\"count\":54,\"durationType\":\"Months\"}},\"yearlySchedule\":{\"retentionScheduleFormatType\":\"Daily\",\"monthsOfYear\":[\"March\",\"April\"],\"retentionScheduleDaily\":{\"daysOfTheMonth\":[{\"date\":2,\"isLast\":false},{\"date\":4,\"isLast\":false},{\"date\":5,\"isLast\":false}]},\"retentionScheduleWeekly\":{\"daysOfTheWeek\":[\"Sunday\"],\"weeksOfTheMonth\":[\"First\"]},\"retentionTimes\":[\"2023-05-22T14:00:00Z\"],\"retentionDuration\":{\"count\":47,\"durationType\":\"Years\"}}},\"tieringPolicy\":{\"ArchivedRP\":{\"tieringMode\":\"DoNotTier\",\"duration\":0,\"durationType\":\"Invalid\"}},\"instantRpRetentionRangeInDays\":2,\"timeZone\":\"UTC\",\"protectedItemsCount\":0}}",
      "isContentBase64": false
    }
  },
  "Edit-AzRecoveryServicesBackupRetentionPolicyClientObject+[NoContext]+CommonCommandToUpdateAllRetentions+$DELETE+https://management.azure.com/subscriptions/38304e13-357e-405e-9e9a-220351dcce8c/resourceGroups/arohijain-rg/providers/Microsoft.RecoveryServices/vaults/arohijain-vault/backupPolicies/arohijain-p-1?api-version=2023-02-01+3": {
    "Request": {
      "Method": "DELETE",
      "RequestUri": "https://management.azure.com/subscriptions/38304e13-357e-405e-9e9a-220351dcce8c/resourceGroups/arohijain-rg/providers/Microsoft.RecoveryServices/vaults/arohijain-vault/backupPolicies/arohijain-p-1?api-version=2023-02-01",
      "Content": null,
      "isContentBase64": false,
      "Headers": {
        "x-ms-unique-id": [ "3" ],
        "x-ms-client-request-id": [ "70bb0fad-85d6-43fe-934d-608f6b748169" ],
        "CommandName": [ "Remove-AzRecoveryServicesBackupProtectionPolicy" ],
        "FullCommandName": [ "Remove-AzRecoveryServicesBackupProtectionPolicy_Delete" ],
        "ParameterSetName": [ "__AllParameterSets" ],
        "User-Agent": [ "AzurePowershell/v0.0.0", "PSVersion/v7.3.9", "Az.RecoveryServices/0.1.0" ],
        "Authorization": [ "[Filtered]" ]
      },
      "ContentHeaders": {
      }
    },
    "Response": {
      "StatusCode": 200,
      "Headers": {
        "Cache-Control": [ "no-cache" ],
        "Pragma": [ "no-cache" ],
        "X-Content-Type-Options": [ "nosniff" ],
        "x-ms-request-id": [ "2299ce55-33ab-4c28-b391-2b646b01d24a" ],
        "x-ms-client-request-id": [ "70bb0fad-85d6-43fe-934d-608f6b748169" ],
        "Strict-Transport-Security": [ "max-age=31536000; includeSubDomains" ],
        "Server": [ "Kestrel" ],
        "X-Powered-By": [ "ASP.NET" ],
        "x-ms-ratelimit-remaining-subscription-deletes": [ "14999" ],
        "x-ms-correlation-request-id": [ "2299ce55-33ab-4c28-b391-2b646b01d24a" ],
        "x-ms-routing-request-id": [ "WESTINDIA:20231106T124953Z:2299ce55-33ab-4c28-b391-2b646b01d24a" ],
        "Date": [ "Mon, 06 Nov 2023 12:49:53 GMT" ]
      },
      "ContentHeaders": {
        "Expires": [ "-1" ],
        "Content-Length": [ "0" ]
      },
      "Content": null,
      "isContentBase64": false
    }
  },
  "Edit-AzRecoveryServicesBackupRetentionPolicyClientObject+[NoContext]+DailyScheduleWithWeeklyRetention-AzureVM+$PUT+https://management.azure.com/subscriptions/38304e13-357e-405e-9e9a-220351dcce8c/resourceGroups/arohijain-rg/providers/Microsoft.RecoveryServices/vaults/arohijain-vault/backupPolicies/arohijain-p-1?api-version=2023-02-01+1": {
    "Request": {
      "Method": "PUT",
      "RequestUri": "https://management.azure.com/subscriptions/38304e13-357e-405e-9e9a-220351dcce8c/resourceGroups/arohijain-rg/providers/Microsoft.RecoveryServices/vaults/arohijain-vault/backupPolicies/arohijain-p-1?api-version=2023-02-01",
      "Content": "{\r\n  \"properties\": {\r\n    \"protectedItemsCount\": 0,\r\n    \"backupManagementType\": \"AzureIaasVM\",\r\n    \"schedulePolicy\": {\r\n      \"schedulePolicyType\": \"SimpleSchedulePolicy\",\r\n      \"scheduleRunFrequency\": \"Daily\",\r\n      \"scheduleRunTimes\": [ \"2023-05-22T14:00:00.0000000Z\" ],\r\n      \"scheduleWeeklyFrequency\": 0\r\n    },\r\n    \"retentionPolicy\": {\r\n      \"retentionPolicyType\": \"LongTermRetentionPolicy\",\r\n      \"dailySchedule\": {\r\n        \"retentionTimes\": [ \"2023-05-22T14:00:00.0000000Z\" ],\r\n        \"retentionDuration\": {\r\n          \"count\": 56,\r\n          \"durationType\": \"Days\"\r\n        }\r\n      },\r\n      \"weeklySchedule\": {\r\n        \"daysOfTheWeek\": [ \"Sunday\", \"Monday\" ],\r\n        \"retentionTimes\": [ \"2023-05-22T14:00:00.0000000Z\" ],\r\n        \"retentionDuration\": {\r\n          \"count\": 34,\r\n          \"durationType\": \"Weeks\"\r\n        }\r\n      },\r\n      \"monthlySchedule\": {\r\n        \"retentionScheduleFormatType\": \"Weekly\",\r\n        \"retentionScheduleWeekly\": {\r\n          \"daysOfTheWeek\": [ \"Monday\", \"Tuesday\" ],\r\n          \"weeksOfTheMonth\": [ \"Second\", \"Fourth\" ]\r\n        },\r\n        \"retentionTimes\": [ \"2023-05-22T14:00:00.0000000Z\" ],\r\n        \"retentionDuration\": {\r\n          \"count\": 36,\r\n          \"durationType\": \"Months\"\r\n        }\r\n      },\r\n      \"yearlySchedule\": {\r\n        \"retentionScheduleFormatType\": \"Weekly\",\r\n        \"monthsOfYear\": [ \"May\", \"June\" ],\r\n        \"retentionScheduleWeekly\": {\r\n          \"daysOfTheWeek\": [ \"Monday\", \"Tuesday\" ],\r\n          \"weeksOfTheMonth\": [ \"First\", \"Third\" ]\r\n        },\r\n        \"retentionTimes\": [ \"2023-05-22T14:00:00.0000000Z\" ],\r\n        \"retentionDuration\": {\r\n          \"count\": 67,\r\n          \"durationType\": \"Years\"\r\n        }\r\n      }\r\n    },\r\n    \"tieringPolicy\": {\r\n      \"ArchivedRP\": {\r\n        \"tieringMode\": \"DoNotTier\",\r\n        \"duration\": 0,\r\n        \"durationType\": \"Invalid\"\r\n      }\r\n    },\r\n    \"instantRpRetentionRangeInDays\": 2,\r\n    \"timeZone\": \"UTC\",\r\n    \"policyType\": \"V1\"\r\n  }\r\n}",
      "isContentBase64": false,
      "Headers": {
      },
      "ContentHeaders": {
        "Content-Type": [ "application/json" ],
        "Content-Length": [ "1979" ]
      }
    },
    "Response": {
      "StatusCode": 200,
      "Headers": {
        "Cache-Control": [ "no-cache" ],
        "Pragma": [ "no-cache" ],
        "X-Content-Type-Options": [ "nosniff" ],
        "x-ms-request-id": [ "aa809cb6-b189-4209-8f30-bff52968c1f6" ],
        "x-ms-client-request-id": [ "44023c47-5877-4a31-b461-1bec7493e7ca" ],
        "Strict-Transport-Security": [ "max-age=31536000; includeSubDomains" ],
        "Server": [ "Kestrel" ],
        "X-Powered-By": [ "ASP.NET" ],
        "x-ms-ratelimit-remaining-subscription-writes": [ "1198" ],
        "x-ms-correlation-request-id": [ "aa809cb6-b189-4209-8f30-bff52968c1f6" ],
        "x-ms-routing-request-id": [ "WESTINDIA:20231106T124954Z:aa809cb6-b189-4209-8f30-bff52968c1f6" ],
        "Date": [ "Mon, 06 Nov 2023 12:49:54 GMT" ]
      },
      "ContentHeaders": {
        "Content-Length": [ "1572" ],
        "Content-Type": [ "application/json; charset=utf-8" ],
        "Expires": [ "-1" ]
      },
      "Content": "{\"id\":\"/subscriptions/38304e13-357e-405e-9e9a-220351dcce8c/resourceGroups/arohijain-rg/providers/Microsoft.RecoveryServices/vaults/arohijain-vault/backupPolicies/arohijain-p-1\",\"name\":\"arohijain-p-1\",\"type\":\"Microsoft.RecoveryServices/vaults/backupPolicies\",\"properties\":{\"backupManagementType\":\"AzureIaasVM\",\"policyType\":\"V1\",\"instantRPDetails\":{},\"schedulePolicy\":{\"schedulePolicyType\":\"SimpleSchedulePolicy\",\"scheduleRunFrequency\":\"Daily\",\"scheduleRunTimes\":[\"2023-05-22T14:00:00Z\"],\"scheduleWeeklyFrequency\":0},\"retentionPolicy\":{\"retentionPolicyType\":\"LongTermRetentionPolicy\",\"dailySchedule\":{\"retentionTimes\":[\"2023-05-22T14:00:00Z\"],\"retentionDuration\":{\"count\":56,\"durationType\":\"Days\"}},\"weeklySchedule\":{\"daysOfTheWeek\":[\"Sunday\",\"Monday\"],\"retentionTimes\":[\"2023-05-22T14:00:00Z\"],\"retentionDuration\":{\"count\":34,\"durationType\":\"Weeks\"}},\"monthlySchedule\":{\"retentionScheduleFormatType\":\"Weekly\",\"retentionScheduleWeekly\":{\"daysOfTheWeek\":[\"Monday\",\"Tuesday\"],\"weeksOfTheMonth\":[\"Second\",\"Fourth\"]},\"retentionTimes\":[\"2023-05-22T14:00:00Z\"],\"retentionDuration\":{\"count\":36,\"durationType\":\"Months\"}},\"yearlySchedule\":{\"retentionScheduleFormatType\":\"Weekly\",\"monthsOfYear\":[\"May\",\"June\"],\"retentionScheduleWeekly\":{\"daysOfTheWeek\":[\"Monday\",\"Tuesday\"],\"weeksOfTheMonth\":[\"First\",\"Third\"]},\"retentionTimes\":[\"2023-05-22T14:00:00Z\"],\"retentionDuration\":{\"count\":67,\"durationType\":\"Years\"}}},\"tieringPolicy\":{\"ArchivedRP\":{\"tieringMode\":\"DoNotTier\",\"duration\":0,\"durationType\":\"Invalid\"}},\"instantRpRetentionRangeInDays\":2,\"timeZone\":\"UTC\",\"protectedItemsCount\":0}}",
      "isContentBase64": false
    }
  },
  "Edit-AzRecoveryServicesBackupRetentionPolicyClientObject+[NoContext]+DailyScheduleWithWeeklyRetention-AzureVM+$GET+https://management.azure.com/subscriptions/38304e13-357e-405e-9e9a-220351dcce8c/resourceGroups/arohijain-rg/providers/Microsoft.RecoveryServices/vaults/arohijain-vault/backupPolicies/arohijain-p-1?api-version=2023-02-01+2": {
    "Request": {
      "Method": "GET",
      "RequestUri": "https://management.azure.com/subscriptions/38304e13-357e-405e-9e9a-220351dcce8c/resourceGroups/arohijain-rg/providers/Microsoft.RecoveryServices/vaults/arohijain-vault/backupPolicies/arohijain-p-1?api-version=2023-02-01",
      "Content": null,
      "isContentBase64": false,
      "Headers": {
        "x-ms-unique-id": [ "5" ],
        "x-ms-client-request-id": [ "c04ce0a6-54fc-4b0d-bf00-73fdcefb2ede" ],
        "CommandName": [ "Az.RecoveryServices.Internal\\Get-AzRecoveryServicesBackupPolicy" ],
        "FullCommandName": [ "Get-AzRecoveryServicesBackupPolicy_Get" ],
        "ParameterSetName": [ "__AllParameterSets" ],
        "User-Agent": [ "AzurePowershell/v0.0.0", "PSVersion/v7.3.9", "Az.RecoveryServices/0.1.0" ],
        "Authorization": [ "[Filtered]" ]
      },
      "ContentHeaders": {
      }
    },
    "Response": {
      "StatusCode": 200,
      "Headers": {
        "Cache-Control": [ "no-cache" ],
        "Pragma": [ "no-cache" ],
        "X-Content-Type-Options": [ "nosniff" ],
        "x-ms-request-id": [ "5323a7de-9c70-4b25-a337-e670f28b65c2" ],
        "x-ms-client-request-id": [ "c04ce0a6-54fc-4b0d-bf00-73fdcefb2ede" ],
        "Strict-Transport-Security": [ "max-age=31536000; includeSubDomains" ],
        "Server": [ "Kestrel" ],
        "X-Powered-By": [ "ASP.NET" ],
        "x-ms-ratelimit-remaining-subscription-resource-requests": [ "298" ],
        "x-ms-correlation-request-id": [ "5323a7de-9c70-4b25-a337-e670f28b65c2" ],
        "x-ms-routing-request-id": [ "WESTINDIA:20231106T124955Z:5323a7de-9c70-4b25-a337-e670f28b65c2" ],
        "Date": [ "Mon, 06 Nov 2023 12:49:54 GMT" ]
      },
      "ContentHeaders": {
        "Content-Length": [ "1572" ],
        "Content-Type": [ "application/json; charset=utf-8" ],
        "Expires": [ "-1" ]
      },
      "Content": "{\"id\":\"/subscriptions/38304e13-357e-405e-9e9a-220351dcce8c/resourceGroups/arohijain-rg/providers/Microsoft.RecoveryServices/vaults/arohijain-vault/backupPolicies/arohijain-p-1\",\"name\":\"arohijain-p-1\",\"type\":\"Microsoft.RecoveryServices/vaults/backupPolicies\",\"properties\":{\"backupManagementType\":\"AzureIaasVM\",\"policyType\":\"V1\",\"instantRPDetails\":{},\"schedulePolicy\":{\"schedulePolicyType\":\"SimpleSchedulePolicy\",\"scheduleRunFrequency\":\"Daily\",\"scheduleRunTimes\":[\"2023-05-22T14:00:00Z\"],\"scheduleWeeklyFrequency\":0},\"retentionPolicy\":{\"retentionPolicyType\":\"LongTermRetentionPolicy\",\"dailySchedule\":{\"retentionTimes\":[\"2023-05-22T14:00:00Z\"],\"retentionDuration\":{\"count\":56,\"durationType\":\"Days\"}},\"weeklySchedule\":{\"daysOfTheWeek\":[\"Sunday\",\"Monday\"],\"retentionTimes\":[\"2023-05-22T14:00:00Z\"],\"retentionDuration\":{\"count\":34,\"durationType\":\"Weeks\"}},\"monthlySchedule\":{\"retentionScheduleFormatType\":\"Weekly\",\"retentionScheduleWeekly\":{\"daysOfTheWeek\":[\"Monday\",\"Tuesday\"],\"weeksOfTheMonth\":[\"Second\",\"Fourth\"]},\"retentionTimes\":[\"2023-05-22T14:00:00Z\"],\"retentionDuration\":{\"count\":36,\"durationType\":\"Months\"}},\"yearlySchedule\":{\"retentionScheduleFormatType\":\"Weekly\",\"monthsOfYear\":[\"May\",\"June\"],\"retentionScheduleWeekly\":{\"daysOfTheWeek\":[\"Monday\",\"Tuesday\"],\"weeksOfTheMonth\":[\"First\",\"Third\"]},\"retentionTimes\":[\"2023-05-22T14:00:00Z\"],\"retentionDuration\":{\"count\":67,\"durationType\":\"Years\"}}},\"tieringPolicy\":{\"ArchivedRP\":{\"tieringMode\":\"DoNotTier\",\"duration\":0,\"durationType\":\"Invalid\"}},\"instantRpRetentionRangeInDays\":2,\"timeZone\":\"UTC\",\"protectedItemsCount\":0}}",
      "isContentBase64": false
    }
  },
  "Edit-AzRecoveryServicesBackupRetentionPolicyClientObject+[NoContext]+DailyScheduleWithWeeklyRetention-AzureVM+$DELETE+https://management.azure.com/subscriptions/38304e13-357e-405e-9e9a-220351dcce8c/resourceGroups/arohijain-rg/providers/Microsoft.RecoveryServices/vaults/arohijain-vault/backupPolicies/arohijain-p-1?api-version=2023-02-01+3": {
    "Request": {
      "Method": "DELETE",
      "RequestUri": "https://management.azure.com/subscriptions/38304e13-357e-405e-9e9a-220351dcce8c/resourceGroups/arohijain-rg/providers/Microsoft.RecoveryServices/vaults/arohijain-vault/backupPolicies/arohijain-p-1?api-version=2023-02-01",
      "Content": null,
      "isContentBase64": false,
      "Headers": {
        "x-ms-unique-id": [ "6" ],
        "x-ms-client-request-id": [ "e298b547-a4e6-42e1-b583-d8168f9f49d9" ],
        "CommandName": [ "Remove-AzRecoveryServicesBackupProtectionPolicy" ],
        "FullCommandName": [ "Remove-AzRecoveryServicesBackupProtectionPolicy_Delete" ],
        "ParameterSetName": [ "__AllParameterSets" ],
        "User-Agent": [ "AzurePowershell/v0.0.0", "PSVersion/v7.3.9", "Az.RecoveryServices/0.1.0" ],
        "Authorization": [ "[Filtered]" ]
      },
      "ContentHeaders": {
      }
    },
    "Response": {
      "StatusCode": 200,
      "Headers": {
        "Cache-Control": [ "no-cache" ],
        "Pragma": [ "no-cache" ],
        "X-Content-Type-Options": [ "nosniff" ],
        "x-ms-request-id": [ "019d9cc3-db67-462e-ad7a-a13ef1727f4c" ],
        "x-ms-client-request-id": [ "e298b547-a4e6-42e1-b583-d8168f9f49d9" ],
        "Strict-Transport-Security": [ "max-age=31536000; includeSubDomains" ],
        "Server": [ "Kestrel" ],
        "X-Powered-By": [ "ASP.NET" ],
        "x-ms-ratelimit-remaining-subscription-deletes": [ "14998" ],
        "x-ms-correlation-request-id": [ "019d9cc3-db67-462e-ad7a-a13ef1727f4c" ],
        "x-ms-routing-request-id": [ "WESTINDIA:20231106T124956Z:019d9cc3-db67-462e-ad7a-a13ef1727f4c" ],
        "Date": [ "Mon, 06 Nov 2023 12:49:55 GMT" ]
      },
      "ContentHeaders": {
        "Expires": [ "-1" ],
        "Content-Length": [ "0" ]
      },
      "Content": null,
      "isContentBase64": false
    }
  },
  "Edit-AzRecoveryServicesBackupRetentionPolicyClientObject+[NoContext]+DailyScheduleWithDailyRetention-AzureVM+$PUT+https://management.azure.com/subscriptions/38304e13-357e-405e-9e9a-220351dcce8c/resourceGroups/arohijain-rg/providers/Microsoft.RecoveryServices/vaults/arohijain-vault/backupPolicies/arohijain-p-1?api-version=2023-02-01+1": {
    "Request": {
      "Method": "PUT",
      "RequestUri": "https://management.azure.com/subscriptions/38304e13-357e-405e-9e9a-220351dcce8c/resourceGroups/arohijain-rg/providers/Microsoft.RecoveryServices/vaults/arohijain-vault/backupPolicies/arohijain-p-1?api-version=2023-02-01",
      "Content": "{\r\n  \"properties\": {\r\n    \"protectedItemsCount\": 0,\r\n    \"backupManagementType\": \"AzureIaasVM\",\r\n    \"schedulePolicy\": {\r\n      \"schedulePolicyType\": \"SimpleSchedulePolicy\",\r\n      \"scheduleRunFrequency\": \"Daily\",\r\n      \"scheduleRunDays\": [ \"Monday\", \"Tuesday\", \"Wednesday\" ],\r\n      \"scheduleRunTimes\": [ \"2023-05-22T14:00:00.0000000Z\" ],\r\n      \"scheduleWeeklyFrequency\": 0\r\n    },\r\n    \"retentionPolicy\": {\r\n      \"retentionPolicyType\": \"LongTermRetentionPolicy\",\r\n      \"dailySchedule\": {\r\n        \"retentionTimes\": [ \"2023-05-22T14:00:00.0000000Z\" ],\r\n        \"retentionDuration\": {\r\n          \"count\": 56,\r\n          \"durationType\": \"Days\"\r\n        }\r\n      },\r\n      \"weeklySchedule\": {\r\n        \"daysOfTheWeek\": [ \"Sunday\", \"Monday\" ],\r\n        \"retentionTimes\": [ \"2023-05-22T14:00:00.0000000Z\" ],\r\n        \"retentionDuration\": {\r\n          \"count\": 34,\r\n          \"durationType\": \"Weeks\"\r\n        }\r\n      },\r\n      \"monthlySchedule\": {\r\n        \"retentionScheduleFormatType\": \"Daily\",\r\n        \"retentionScheduleDaily\": {\r\n          \"daysOfTheMonth\": [\r\n            {\r\n              \"date\": 1\r\n            },\r\n            {\r\n              \"date\": 6\r\n            },\r\n            {\r\n              \"date\": 28\r\n            }\r\n          ]\r\n        },\r\n        \"retentionScheduleWeekly\": {\r\n          \"daysOfTheWeek\": [ \"Sunday\" ],\r\n          \"weeksOfTheMonth\": [ \"First\" ]\r\n        },\r\n        \"retentionTimes\": [ \"2023-05-22T14:00:00.0000000Z\" ],\r\n        \"retentionDuration\": {\r\n          \"count\": 45,\r\n          \"durationType\": \"Months\"\r\n        }\r\n      },\r\n      \"yearlySchedule\": {\r\n        \"retentionScheduleFormatType\": \"Daily\",\r\n        \"monthsOfYear\": [ \"May\", \"April\" ],\r\n        \"retentionScheduleDaily\": {\r\n          \"daysOfTheMonth\": [\r\n            {\r\n              \"date\": 1\r\n            },\r\n            {\r\n              \"date\": 2\r\n            },\r\n            {\r\n              \"date\": 3\r\n            }\r\n          ]\r\n        },\r\n        \"retentionScheduleWeekly\": {\r\n          \"daysOfTheWeek\": [ \"Sunday\" ],\r\n          \"weeksOfTheMonth\": [ \"First\" ]\r\n        },\r\n        \"retentionTimes\": [ \"2023-05-22T14:00:00.0000000Z\" ],\r\n        \"retentionDuration\": {\r\n          \"count\": 43,\r\n          \"durationType\": \"Years\"\r\n        }\r\n      }\r\n    },\r\n    \"tieringPolicy\": {\r\n      \"ArchivedRP\": {\r\n        \"tieringMode\": \"DoNotTier\",\r\n        \"duration\": 0,\r\n        \"durationType\": \"Invalid\"\r\n      }\r\n    },\r\n    \"instantRpRetentionRangeInDays\": 2,\r\n    \"timeZone\": \"UTC\",\r\n    \"policyType\": \"V1\"\r\n  }\r\n}",
      "isContentBase64": false,
      "Headers": {
      },
      "ContentHeaders": {
        "Content-Type": [ "application/json" ],
        "Content-Length": [ "2521" ]
      }
    },
    "Response": {
      "StatusCode": 200,
      "Headers": {
        "Cache-Control": [ "no-cache" ],
        "Pragma": [ "no-cache" ],
        "X-Content-Type-Options": [ "nosniff" ],
        "x-ms-request-id": [ "36a13069-f88d-4940-af18-d3549b11b248" ],
        "x-ms-client-request-id": [ "d0c25940-25dc-4a60-a458-4d41508c3dd9" ],
        "Strict-Transport-Security": [ "max-age=31536000; includeSubDomains" ],
        "Server": [ "Kestrel" ],
        "X-Powered-By": [ "ASP.NET" ],
        "x-ms-ratelimit-remaining-subscription-writes": [ "1197" ],
        "x-ms-correlation-request-id": [ "36a13069-f88d-4940-af18-d3549b11b248" ],
        "x-ms-routing-request-id": [ "WESTINDIA:20231106T124957Z:36a13069-f88d-4940-af18-d3549b11b248" ],
        "Date": [ "Mon, 06 Nov 2023 12:49:56 GMT" ]
      },
      "ContentHeaders": {
        "Content-Length": [ "1833" ],
        "Content-Type": [ "application/json; charset=utf-8" ],
        "Expires": [ "-1" ]
      },
      "Content": "{\"id\":\"/subscriptions/38304e13-357e-405e-9e9a-220351dcce8c/resourceGroups/arohijain-rg/providers/Microsoft.RecoveryServices/vaults/arohijain-vault/backupPolicies/arohijain-p-1\",\"name\":\"arohijain-p-1\",\"type\":\"Microsoft.RecoveryServices/vaults/backupPolicies\",\"properties\":{\"backupManagementType\":\"AzureIaasVM\",\"policyType\":\"V1\",\"instantRPDetails\":{},\"schedulePolicy\":{\"schedulePolicyType\":\"SimpleSchedulePolicy\",\"scheduleRunFrequency\":\"Daily\",\"scheduleRunDays\":[\"Monday\",\"Tuesday\",\"Wednesday\"],\"scheduleRunTimes\":[\"2023-05-22T14:00:00Z\"],\"scheduleWeeklyFrequency\":0},\"retentionPolicy\":{\"retentionPolicyType\":\"LongTermRetentionPolicy\",\"dailySchedule\":{\"retentionTimes\":[\"2023-05-22T14:00:00Z\"],\"retentionDuration\":{\"count\":56,\"durationType\":\"Days\"}},\"weeklySchedule\":{\"daysOfTheWeek\":[\"Sunday\",\"Monday\"],\"retentionTimes\":[\"2023-05-22T14:00:00Z\"],\"retentionDuration\":{\"count\":34,\"durationType\":\"Weeks\"}},\"monthlySchedule\":{\"retentionScheduleFormatType\":\"Daily\",\"retentionScheduleDaily\":{\"daysOfTheMonth\":[{\"date\":1,\"isLast\":false},{\"date\":6,\"isLast\":false},{\"date\":28,\"isLast\":false}]},\"retentionScheduleWeekly\":{\"daysOfTheWeek\":[\"Sunday\"],\"weeksOfTheMonth\":[\"First\"]},\"retentionTimes\":[\"2023-05-22T14:00:00Z\"],\"retentionDuration\":{\"count\":45,\"durationType\":\"Months\"}},\"yearlySchedule\":{\"retentionScheduleFormatType\":\"Daily\",\"monthsOfYear\":[\"May\",\"April\"],\"retentionScheduleDaily\":{\"daysOfTheMonth\":[{\"date\":1,\"isLast\":false},{\"date\":2,\"isLast\":false},{\"date\":3,\"isLast\":false}]},\"retentionScheduleWeekly\":{\"daysOfTheWeek\":[\"Sunday\"],\"weeksOfTheMonth\":[\"First\"]},\"retentionTimes\":[\"2023-05-22T14:00:00Z\"],\"retentionDuration\":{\"count\":43,\"durationType\":\"Years\"}}},\"tieringPolicy\":{\"ArchivedRP\":{\"tieringMode\":\"DoNotTier\",\"duration\":0,\"durationType\":\"Invalid\"}},\"instantRpRetentionRangeInDays\":2,\"timeZone\":\"UTC\",\"protectedItemsCount\":0}}",
      "isContentBase64": false
    }
  },
  "Edit-AzRecoveryServicesBackupRetentionPolicyClientObject+[NoContext]+DailyScheduleWithDailyRetention-AzureVM+$GET+https://management.azure.com/subscriptions/38304e13-357e-405e-9e9a-220351dcce8c/resourceGroups/arohijain-rg/providers/Microsoft.RecoveryServices/vaults/arohijain-vault/backupPolicies/arohijain-p-1?api-version=2023-02-01+2": {
    "Request": {
      "Method": "GET",
      "RequestUri": "https://management.azure.com/subscriptions/38304e13-357e-405e-9e9a-220351dcce8c/resourceGroups/arohijain-rg/providers/Microsoft.RecoveryServices/vaults/arohijain-vault/backupPolicies/arohijain-p-1?api-version=2023-02-01",
      "Content": null,
      "isContentBase64": false,
      "Headers": {
        "x-ms-unique-id": [ "8" ],
        "x-ms-client-request-id": [ "921cd52a-e708-47b5-97bd-b5a38f6bd036" ],
        "CommandName": [ "Az.RecoveryServices.Internal\\Get-AzRecoveryServicesBackupPolicy" ],
        "FullCommandName": [ "Get-AzRecoveryServicesBackupPolicy_Get" ],
        "ParameterSetName": [ "__AllParameterSets" ],
        "User-Agent": [ "AzurePowershell/v0.0.0", "PSVersion/v7.3.9", "Az.RecoveryServices/0.1.0" ],
        "Authorization": [ "[Filtered]" ]
      },
      "ContentHeaders": {
      }
    },
    "Response": {
      "StatusCode": 200,
      "Headers": {
        "Cache-Control": [ "no-cache" ],
        "Pragma": [ "no-cache" ],
        "X-Content-Type-Options": [ "nosniff" ],
        "x-ms-request-id": [ "04d4a20a-9551-49e2-a0ae-d83a6832077d" ],
        "x-ms-client-request-id": [ "921cd52a-e708-47b5-97bd-b5a38f6bd036" ],
        "Strict-Transport-Security": [ "max-age=31536000; includeSubDomains" ],
        "Server": [ "Kestrel" ],
        "X-Powered-By": [ "ASP.NET" ],
        "x-ms-ratelimit-remaining-subscription-resource-requests": [ "297" ],
        "x-ms-correlation-request-id": [ "04d4a20a-9551-49e2-a0ae-d83a6832077d" ],
        "x-ms-routing-request-id": [ "WESTINDIA:20231106T124958Z:04d4a20a-9551-49e2-a0ae-d83a6832077d" ],
        "Date": [ "Mon, 06 Nov 2023 12:49:57 GMT" ]
      },
      "ContentHeaders": {
        "Content-Length": [ "1833" ],
        "Content-Type": [ "application/json; charset=utf-8" ],
        "Expires": [ "-1" ]
      },
      "Content": "{\"id\":\"/subscriptions/38304e13-357e-405e-9e9a-220351dcce8c/resourceGroups/arohijain-rg/providers/Microsoft.RecoveryServices/vaults/arohijain-vault/backupPolicies/arohijain-p-1\",\"name\":\"arohijain-p-1\",\"type\":\"Microsoft.RecoveryServices/vaults/backupPolicies\",\"properties\":{\"backupManagementType\":\"AzureIaasVM\",\"policyType\":\"V1\",\"instantRPDetails\":{},\"schedulePolicy\":{\"schedulePolicyType\":\"SimpleSchedulePolicy\",\"scheduleRunFrequency\":\"Daily\",\"scheduleRunDays\":[\"Monday\",\"Tuesday\",\"Wednesday\"],\"scheduleRunTimes\":[\"2023-05-22T14:00:00Z\"],\"scheduleWeeklyFrequency\":0},\"retentionPolicy\":{\"retentionPolicyType\":\"LongTermRetentionPolicy\",\"dailySchedule\":{\"retentionTimes\":[\"2023-05-22T14:00:00Z\"],\"retentionDuration\":{\"count\":56,\"durationType\":\"Days\"}},\"weeklySchedule\":{\"daysOfTheWeek\":[\"Sunday\",\"Monday\"],\"retentionTimes\":[\"2023-05-22T14:00:00Z\"],\"retentionDuration\":{\"count\":34,\"durationType\":\"Weeks\"}},\"monthlySchedule\":{\"retentionScheduleFormatType\":\"Daily\",\"retentionScheduleDaily\":{\"daysOfTheMonth\":[{\"date\":1,\"isLast\":false},{\"date\":6,\"isLast\":false},{\"date\":28,\"isLast\":false}]},\"retentionScheduleWeekly\":{\"daysOfTheWeek\":[\"Sunday\"],\"weeksOfTheMonth\":[\"First\"]},\"retentionTimes\":[\"2023-05-22T14:00:00Z\"],\"retentionDuration\":{\"count\":45,\"durationType\":\"Months\"}},\"yearlySchedule\":{\"retentionScheduleFormatType\":\"Daily\",\"monthsOfYear\":[\"May\",\"April\"],\"retentionScheduleDaily\":{\"daysOfTheMonth\":[{\"date\":1,\"isLast\":false},{\"date\":2,\"isLast\":false},{\"date\":3,\"isLast\":false}]},\"retentionScheduleWeekly\":{\"daysOfTheWeek\":[\"Sunday\"],\"weeksOfTheMonth\":[\"First\"]},\"retentionTimes\":[\"2023-05-22T14:00:00Z\"],\"retentionDuration\":{\"count\":43,\"durationType\":\"Years\"}}},\"tieringPolicy\":{\"ArchivedRP\":{\"tieringMode\":\"DoNotTier\",\"duration\":0,\"durationType\":\"Invalid\"}},\"instantRpRetentionRangeInDays\":2,\"timeZone\":\"UTC\",\"protectedItemsCount\":0}}",
      "isContentBase64": false
    }
  },
  "Edit-AzRecoveryServicesBackupRetentionPolicyClientObject+[NoContext]+DailyScheduleWithDailyRetention-AzureVM+$DELETE+https://management.azure.com/subscriptions/38304e13-357e-405e-9e9a-220351dcce8c/resourceGroups/arohijain-rg/providers/Microsoft.RecoveryServices/vaults/arohijain-vault/backupPolicies/arohijain-p-1?api-version=2023-02-01+3": {
    "Request": {
      "Method": "DELETE",
      "RequestUri": "https://management.azure.com/subscriptions/38304e13-357e-405e-9e9a-220351dcce8c/resourceGroups/arohijain-rg/providers/Microsoft.RecoveryServices/vaults/arohijain-vault/backupPolicies/arohijain-p-1?api-version=2023-02-01",
      "Content": null,
      "isContentBase64": false,
      "Headers": {
        "x-ms-unique-id": [ "9" ],
        "x-ms-client-request-id": [ "d918a0bc-ada7-477e-ab87-9dfba097f5f4" ],
        "CommandName": [ "Remove-AzRecoveryServicesBackupProtectionPolicy" ],
        "FullCommandName": [ "Remove-AzRecoveryServicesBackupProtectionPolicy_Delete" ],
        "ParameterSetName": [ "__AllParameterSets" ],
        "User-Agent": [ "AzurePowershell/v0.0.0", "PSVersion/v7.3.9", "Az.RecoveryServices/0.1.0" ],
        "Authorization": [ "[Filtered]" ]
      },
      "ContentHeaders": {
      }
    },
    "Response": {
      "StatusCode": 200,
      "Headers": {
        "Cache-Control": [ "no-cache" ],
        "Pragma": [ "no-cache" ],
        "X-Content-Type-Options": [ "nosniff" ],
        "x-ms-request-id": [ "ea2a2aaa-182e-4a68-969b-28e6b55171a7" ],
        "x-ms-client-request-id": [ "d918a0bc-ada7-477e-ab87-9dfba097f5f4" ],
        "Strict-Transport-Security": [ "max-age=31536000; includeSubDomains" ],
        "Server": [ "Kestrel" ],
        "X-Powered-By": [ "ASP.NET" ],
        "x-ms-ratelimit-remaining-subscription-deletes": [ "14997" ],
        "x-ms-correlation-request-id": [ "ea2a2aaa-182e-4a68-969b-28e6b55171a7" ],
        "x-ms-routing-request-id": [ "WESTINDIA:20231106T124959Z:ea2a2aaa-182e-4a68-969b-28e6b55171a7" ],
        "Date": [ "Mon, 06 Nov 2023 12:49:58 GMT" ]
      },
      "ContentHeaders": {
        "Expires": [ "-1" ],
        "Content-Length": [ "0" ]
      },
      "Content": null,
      "isContentBase64": false
    }
  },
  "Edit-AzRecoveryServicesBackupRetentionPolicyClientObject+[NoContext]+WeeklyScheduleWithWeeklyRetention-SAPHANA+$PUT+https://management.azure.com/subscriptions/38304e13-357e-405e-9e9a-220351dcce8c/resourceGroups/arohijain-rg/providers/Microsoft.RecoveryServices/vaults/arohijain-vault/backupPolicies/arohijain-p-1?api-version=2023-02-01+1": {
    "Request": {
      "Method": "PUT",
      "RequestUri": "https://management.azure.com/subscriptions/38304e13-357e-405e-9e9a-220351dcce8c/resourceGroups/arohijain-rg/providers/Microsoft.RecoveryServices/vaults/arohijain-vault/backupPolicies/arohijain-p-1?api-version=2023-02-01",
      "Content": "{\r\n  \"properties\": {\r\n    \"backupManagementType\": \"AzureWorkload\",\r\n    \"workLoadType\": \"SAPHanaDatabase\",\r\n    \"settings\": {\r\n      \"timeZone\": \"Tokyo Standard Time\",\r\n      \"issqlcompression\": false,\r\n      \"isCompression\": false\r\n    },\r\n    \"subProtectionPolicy\": [\r\n      {\r\n        \"schedulePolicy\": {\r\n          \"schedulePolicyType\": \"SimpleSchedulePolicy\",\r\n          \"scheduleRunFrequency\": \"Weekly\",\r\n          \"scheduleRunDays\": [ \"Monday\", \"Tuesday\" ],\r\n          \"scheduleRunTimes\": [ \"2023-11-06T13:30:00.0000000Z\" ],\r\n          \"scheduleWeeklyFrequency\": 0\r\n        },\r\n        \"retentionPolicy\": {\r\n          \"retentionPolicyType\": \"LongTermRetentionPolicy\",\r\n          \"weeklySchedule\": {\r\n            \"daysOfTheWeek\": [ \"Monday\", \"Tuesday\" ],\r\n            \"retentionTimes\": [ \"2023-11-06T13:30:00.0000000Z\" ],\r\n            \"retentionDuration\": {\r\n              \"count\": 11,\r\n              \"durationType\": \"Weeks\"\r\n            }\r\n          },\r\n          \"monthlySchedule\": {\r\n            \"retentionScheduleFormatType\": \"Weekly\",\r\n            \"retentionScheduleWeekly\": {\r\n              \"daysOfTheWeek\": [ \"Monday\", \"Tuesday\" ],\r\n              \"weeksOfTheMonth\": [ \"First\", \"Last\" ]\r\n            },\r\n            \"retentionTimes\": [ \"2023-11-06T13:30:00.0000000Z\" ],\r\n            \"retentionDuration\": {\r\n              \"count\": 34,\r\n              \"durationType\": \"Months\"\r\n            }\r\n          },\r\n          \"yearlySchedule\": {\r\n            \"retentionScheduleFormatType\": \"Weekly\",\r\n            \"monthsOfYear\": [ \"May\", \"June\" ],\r\n            \"retentionScheduleWeekly\": {\r\n              \"daysOfTheWeek\": [ \"Monday\", \"Tuesday\" ],\r\n              \"weeksOfTheMonth\": [ \"Last\", \"First\" ]\r\n            },\r\n            \"retentionTimes\": [ \"2023-11-06T13:30:00.0000000Z\" ],\r\n            \"retentionDuration\": {\r\n              \"count\": 47,\r\n              \"durationType\": \"Years\"\r\n            }\r\n          }\r\n        },\r\n        \"policyType\": \"Full\",\r\n        \"tieringPolicy\": {\r\n          \"ArchivedRP\": {\r\n            \"tieringMode\": \"DoNotTier\",\r\n            \"duration\": 0,\r\n            \"durationType\": \"Invalid\"\r\n          }\r\n        }\r\n      },\r\n      {\r\n        \"schedulePolicy\": {\r\n          \"schedulePolicyType\": \"LogSchedulePolicy\",\r\n          \"scheduleFrequencyInMins\": 120\r\n        },\r\n        \"retentionPolicy\": {\r\n          \"retentionPolicyType\": \"SimpleRetentionPolicy\",\r\n          \"retentionDuration\": {\r\n            \"count\": 23,\r\n            \"durationType\": \"Days\"\r\n          }\r\n        },\r\n        \"policyType\": \"Log\"\r\n      },\r\n      {\r\n        \"schedulePolicy\": {\r\n          \"schedulePolicyType\": \"SimpleSchedulePolicy\",\r\n          \"scheduleRunFrequency\": \"Weekly\",\r\n          \"scheduleRunDays\": [ \"Sunday\" ],\r\n          \"scheduleRunTimes\": [ \"2023-11-06T02:00:00.0000000Z\" ],\r\n          \"scheduleWeeklyFrequency\": 0\r\n        },\r\n        \"retentionPolicy\": {\r\n          \"retentionPolicyType\": \"SimpleRetentionPolicy\",\r\n          \"retentionDuration\": {\r\n            \"count\": 64,\r\n            \"durationType\": \"Days\"\r\n          }\r\n        },\r\n        \"policyType\": \"Incremental\"\r\n      }\r\n    ]\r\n  }\r\n}",
      "isContentBase64": false,
      "Headers": {
      },
      "ContentHeaders": {
        "Content-Type": [ "application/json" ],
        "Content-Length": [ "3123" ]
      }
    },
    "Response": {
      "StatusCode": 200,
      "Headers": {
        "Cache-Control": [ "no-cache" ],
        "Pragma": [ "no-cache" ],
        "X-Content-Type-Options": [ "nosniff" ],
        "x-ms-request-id": [ "6b1e794a-eec2-4f95-ba1a-0693052a8443" ],
        "x-ms-client-request-id": [ "76ff984a-3344-4410-8123-30bd42b3382b" ],
        "Strict-Transport-Security": [ "max-age=31536000; includeSubDomains" ],
        "Server": [ "Kestrel" ],
        "X-Powered-By": [ "ASP.NET" ],
        "x-ms-ratelimit-remaining-subscription-writes": [ "1196" ],
        "x-ms-correlation-request-id": [ "6b1e794a-eec2-4f95-ba1a-0693052a8443" ],
        "x-ms-routing-request-id": [ "WESTINDIA:20231106T125000Z:6b1e794a-eec2-4f95-ba1a-0693052a8443" ],
        "Date": [ "Mon, 06 Nov 2023 12:49:59 GMT" ]
      },
      "ContentHeaders": {
        "Content-Length": [ "2155" ],
        "Content-Type": [ "application/json; charset=utf-8" ],
        "Expires": [ "-1" ]
      },
      "Content": "{\"id\":\"/subscriptions/38304e13-357e-405e-9e9a-220351dcce8c/resourceGroups/arohijain-rg/providers/Microsoft.RecoveryServices/vaults/arohijain-vault/backupPolicies/arohijain-p-1\",\"name\":\"arohijain-p-1\",\"type\":\"Microsoft.RecoveryServices/vaults/backupPolicies\",\"properties\":{\"backupManagementType\":\"AzureWorkload\",\"workLoadType\":\"SAPHanaDatabase\",\"settings\":{\"timeZone\":\"Tokyo Standard Time\",\"issqlcompression\":false,\"isCompression\":false},\"subProtectionPolicy\":[{\"policyType\":\"Full\",\"schedulePolicy\":{\"schedulePolicyType\":\"SimpleSchedulePolicy\",\"scheduleRunFrequency\":\"Weekly\",\"scheduleRunDays\":[\"Monday\",\"Tuesday\"],\"scheduleRunTimes\":[\"2023-11-06T13:30:00Z\"],\"scheduleWeeklyFrequency\":0},\"retentionPolicy\":{\"retentionPolicyType\":\"LongTermRetentionPolicy\",\"weeklySchedule\":{\"daysOfTheWeek\":[\"Monday\",\"Tuesday\"],\"retentionTimes\":[\"2023-11-06T13:30:00Z\"],\"retentionDuration\":{\"count\":11,\"durationType\":\"Weeks\"}},\"monthlySchedule\":{\"retentionScheduleFormatType\":\"Weekly\",\"retentionScheduleWeekly\":{\"daysOfTheWeek\":[\"Monday\",\"Tuesday\"],\"weeksOfTheMonth\":[\"First\",\"Last\"]},\"retentionTimes\":[\"2023-11-06T13:30:00Z\"],\"retentionDuration\":{\"count\":34,\"durationType\":\"Months\"}},\"yearlySchedule\":{\"retentionScheduleFormatType\":\"Weekly\",\"monthsOfYear\":[\"May\",\"June\"],\"retentionScheduleWeekly\":{\"daysOfTheWeek\":[\"Monday\",\"Tuesday\"],\"weeksOfTheMonth\":[\"Last\",\"First\"]},\"retentionTimes\":[\"2023-11-06T13:30:00Z\"],\"retentionDuration\":{\"count\":47,\"durationType\":\"Years\"}}},\"tieringPolicy\":{\"ArchivedRP\":{\"tieringMode\":\"DoNotTier\",\"duration\":0,\"durationType\":\"Invalid\"}}},{\"policyType\":\"Incremental\",\"schedulePolicy\":{\"schedulePolicyType\":\"SimpleSchedulePolicy\",\"scheduleRunFrequency\":\"Weekly\",\"scheduleRunDays\":[\"Sunday\"],\"scheduleRunTimes\":[\"2023-11-06T02:00:00Z\"],\"scheduleWeeklyFrequency\":0},\"retentionPolicy\":{\"retentionPolicyType\":\"SimpleRetentionPolicy\",\"retentionDuration\":{\"count\":64,\"durationType\":\"Days\"}}},{\"policyType\":\"Log\",\"schedulePolicy\":{\"schedulePolicyType\":\"LogSchedulePolicy\",\"scheduleFrequencyInMins\":120},\"retentionPolicy\":{\"retentionPolicyType\":\"SimpleRetentionPolicy\",\"retentionDuration\":{\"count\":23,\"durationType\":\"Days\"}}}],\"protectedItemsCount\":0}}",
      "isContentBase64": false
    }
  },
  "Edit-AzRecoveryServicesBackupRetentionPolicyClientObject+[NoContext]+WeeklyScheduleWithWeeklyRetention-SAPHANA+$GET+https://management.azure.com/subscriptions/38304e13-357e-405e-9e9a-220351dcce8c/resourceGroups/arohijain-rg/providers/Microsoft.RecoveryServices/vaults/arohijain-vault/backupPolicies/arohijain-p-1?api-version=2023-02-01+2": {
    "Request": {
      "Method": "GET",
      "RequestUri": "https://management.azure.com/subscriptions/38304e13-357e-405e-9e9a-220351dcce8c/resourceGroups/arohijain-rg/providers/Microsoft.RecoveryServices/vaults/arohijain-vault/backupPolicies/arohijain-p-1?api-version=2023-02-01",
      "Content": null,
      "isContentBase64": false,
      "Headers": {
        "x-ms-unique-id": [ "11" ],
        "x-ms-client-request-id": [ "a38e42c2-937a-4f44-bc15-403d668abfce" ],
        "CommandName": [ "Az.RecoveryServices.Internal\\Get-AzRecoveryServicesBackupPolicy" ],
        "FullCommandName": [ "Get-AzRecoveryServicesBackupPolicy_Get" ],
        "ParameterSetName": [ "__AllParameterSets" ],
        "User-Agent": [ "AzurePowershell/v0.0.0", "PSVersion/v7.3.9", "Az.RecoveryServices/0.1.0" ],
        "Authorization": [ "[Filtered]" ]
      },
      "ContentHeaders": {
      }
    },
    "Response": {
      "StatusCode": 200,
      "Headers": {
        "Cache-Control": [ "no-cache" ],
        "Pragma": [ "no-cache" ],
        "X-Content-Type-Options": [ "nosniff" ],
        "x-ms-request-id": [ "24de68c0-8927-4329-86bc-ee001b864256" ],
        "x-ms-client-request-id": [ "a38e42c2-937a-4f44-bc15-403d668abfce" ],
        "Strict-Transport-Security": [ "max-age=31536000; includeSubDomains" ],
        "Server": [ "Kestrel" ],
        "X-Powered-By": [ "ASP.NET" ],
        "x-ms-ratelimit-remaining-subscription-resource-requests": [ "296" ],
        "x-ms-correlation-request-id": [ "24de68c0-8927-4329-86bc-ee001b864256" ],
        "x-ms-routing-request-id": [ "WESTINDIA:20231106T125001Z:24de68c0-8927-4329-86bc-ee001b864256" ],
        "Date": [ "Mon, 06 Nov 2023 12:50:00 GMT" ]
      },
      "ContentHeaders": {
        "Content-Length": [ "2155" ],
        "Content-Type": [ "application/json; charset=utf-8" ],
        "Expires": [ "-1" ]
      },
      "Content": "{\"id\":\"/subscriptions/38304e13-357e-405e-9e9a-220351dcce8c/resourceGroups/arohijain-rg/providers/Microsoft.RecoveryServices/vaults/arohijain-vault/backupPolicies/arohijain-p-1\",\"name\":\"arohijain-p-1\",\"type\":\"Microsoft.RecoveryServices/vaults/backupPolicies\",\"properties\":{\"backupManagementType\":\"AzureWorkload\",\"workLoadType\":\"SAPHanaDatabase\",\"settings\":{\"timeZone\":\"Tokyo Standard Time\",\"issqlcompression\":false,\"isCompression\":false},\"subProtectionPolicy\":[{\"policyType\":\"Full\",\"schedulePolicy\":{\"schedulePolicyType\":\"SimpleSchedulePolicy\",\"scheduleRunFrequency\":\"Weekly\",\"scheduleRunDays\":[\"Monday\",\"Tuesday\"],\"scheduleRunTimes\":[\"2023-11-06T13:30:00Z\"],\"scheduleWeeklyFrequency\":0},\"retentionPolicy\":{\"retentionPolicyType\":\"LongTermRetentionPolicy\",\"weeklySchedule\":{\"daysOfTheWeek\":[\"Monday\",\"Tuesday\"],\"retentionTimes\":[\"2023-11-06T13:30:00Z\"],\"retentionDuration\":{\"count\":11,\"durationType\":\"Weeks\"}},\"monthlySchedule\":{\"retentionScheduleFormatType\":\"Weekly\",\"retentionScheduleWeekly\":{\"daysOfTheWeek\":[\"Monday\",\"Tuesday\"],\"weeksOfTheMonth\":[\"First\",\"Last\"]},\"retentionTimes\":[\"2023-11-06T13:30:00Z\"],\"retentionDuration\":{\"count\":34,\"durationType\":\"Months\"}},\"yearlySchedule\":{\"retentionScheduleFormatType\":\"Weekly\",\"monthsOfYear\":[\"May\",\"June\"],\"retentionScheduleWeekly\":{\"daysOfTheWeek\":[\"Monday\",\"Tuesday\"],\"weeksOfTheMonth\":[\"Last\",\"First\"]},\"retentionTimes\":[\"2023-11-06T13:30:00Z\"],\"retentionDuration\":{\"count\":47,\"durationType\":\"Years\"}}},\"tieringPolicy\":{\"ArchivedRP\":{\"tieringMode\":\"DoNotTier\",\"duration\":0,\"durationType\":\"Invalid\"}}},{\"policyType\":\"Incremental\",\"schedulePolicy\":{\"schedulePolicyType\":\"SimpleSchedulePolicy\",\"scheduleRunFrequency\":\"Weekly\",\"scheduleRunDays\":[\"Sunday\"],\"scheduleRunTimes\":[\"2023-11-06T02:00:00Z\"],\"scheduleWeeklyFrequency\":0},\"retentionPolicy\":{\"retentionPolicyType\":\"SimpleRetentionPolicy\",\"retentionDuration\":{\"count\":64,\"durationType\":\"Days\"}}},{\"policyType\":\"Log\",\"schedulePolicy\":{\"schedulePolicyType\":\"LogSchedulePolicy\",\"scheduleFrequencyInMins\":120},\"retentionPolicy\":{\"retentionPolicyType\":\"SimpleRetentionPolicy\",\"retentionDuration\":{\"count\":23,\"durationType\":\"Days\"}}}],\"protectedItemsCount\":0}}",
      "isContentBase64": false
    }
  },
  "Edit-AzRecoveryServicesBackupRetentionPolicyClientObject+[NoContext]+WeeklyScheduleWithWeeklyRetention-SAPHANA+$DELETE+https://management.azure.com/subscriptions/38304e13-357e-405e-9e9a-220351dcce8c/resourceGroups/arohijain-rg/providers/Microsoft.RecoveryServices/vaults/arohijain-vault/backupPolicies/arohijain-p-1?api-version=2023-02-01+3": {
    "Request": {
      "Method": "DELETE",
      "RequestUri": "https://management.azure.com/subscriptions/38304e13-357e-405e-9e9a-220351dcce8c/resourceGroups/arohijain-rg/providers/Microsoft.RecoveryServices/vaults/arohijain-vault/backupPolicies/arohijain-p-1?api-version=2023-02-01",
      "Content": null,
      "isContentBase64": false,
      "Headers": {
        "x-ms-unique-id": [ "12" ],
        "x-ms-client-request-id": [ "ce041472-587d-46be-aa9f-f7d9a546bef5" ],
        "CommandName": [ "Remove-AzRecoveryServicesBackupProtectionPolicy" ],
        "FullCommandName": [ "Remove-AzRecoveryServicesBackupProtectionPolicy_Delete" ],
        "ParameterSetName": [ "__AllParameterSets" ],
        "User-Agent": [ "AzurePowershell/v0.0.0", "PSVersion/v7.3.9", "Az.RecoveryServices/0.1.0" ],
        "Authorization": [ "[Filtered]" ]
      },
      "ContentHeaders": {
      }
    },
    "Response": {
      "StatusCode": 200,
      "Headers": {
        "Cache-Control": [ "no-cache" ],
        "Pragma": [ "no-cache" ],
        "X-Content-Type-Options": [ "nosniff" ],
        "x-ms-request-id": [ "ec27e794-85b8-4c43-bc7d-208f19145e67" ],
        "x-ms-client-request-id": [ "ce041472-587d-46be-aa9f-f7d9a546bef5" ],
        "Strict-Transport-Security": [ "max-age=31536000; includeSubDomains" ],
        "Server": [ "Kestrel" ],
        "X-Powered-By": [ "ASP.NET" ],
        "x-ms-ratelimit-remaining-subscription-deletes": [ "14996" ],
        "x-ms-correlation-request-id": [ "ec27e794-85b8-4c43-bc7d-208f19145e67" ],
        "x-ms-routing-request-id": [ "WESTINDIA:20231106T125002Z:ec27e794-85b8-4c43-bc7d-208f19145e67" ],
        "Date": [ "Mon, 06 Nov 2023 12:50:01 GMT" ]
      },
      "ContentHeaders": {
        "Expires": [ "-1" ],
        "Content-Length": [ "0" ]
      },
      "Content": null,
      "isContentBase64": false
    }
  },
  "Edit-AzRecoveryServicesBackupRetentionPolicyClientObject+[NoContext]+TierAfter-SAPHANA+$PUT+https://management.azure.com/subscriptions/38304e13-357e-405e-9e9a-220351dcce8c/resourceGroups/arohijain-rg/providers/Microsoft.RecoveryServices/vaults/arohijain-vault/backupPolicies/arohijain-p-1?api-version=2023-02-01+1": {
    "Request": {
      "Method": "PUT",
      "RequestUri": "https://management.azure.com/subscriptions/38304e13-357e-405e-9e9a-220351dcce8c/resourceGroups/arohijain-rg/providers/Microsoft.RecoveryServices/vaults/arohijain-vault/backupPolicies/arohijain-p-1?api-version=2023-02-01",
      "Content": "{\r\n  \"properties\": {\r\n    \"backupManagementType\": \"AzureWorkload\",\r\n    \"workLoadType\": \"SAPHanaDatabase\",\r\n    \"settings\": {\r\n      \"timeZone\": \"UTC\",\r\n      \"issqlcompression\": false,\r\n      \"isCompression\": false\r\n    },\r\n    \"subProtectionPolicy\": [\r\n      {\r\n        \"schedulePolicy\": {\r\n          \"schedulePolicyType\": \"SimpleSchedulePolicy\",\r\n          \"scheduleRunFrequency\": \"Daily\",\r\n          \"scheduleRunTimes\": [ \"2020-09-30T19:30:00.0000000Z\" ],\r\n          \"scheduleWeeklyFrequency\": 0\r\n        },\r\n        \"retentionPolicy\": {\r\n          \"retentionPolicyType\": \"LongTermRetentionPolicy\",\r\n          \"dailySchedule\": {\r\n            \"retentionTimes\": [ \"2020-09-30T19:30:00.0000000Z\" ],\r\n            \"retentionDuration\": {\r\n              \"count\": 180,\r\n              \"durationType\": \"Days\"\r\n            }\r\n          },\r\n          \"weeklySchedule\": {\r\n            \"daysOfTheWeek\": [ \"Sunday\" ],\r\n            \"retentionTimes\": [ \"2020-09-30T19:30:00.0000000Z\" ],\r\n            \"retentionDuration\": {\r\n              \"count\": 104,\r\n              \"durationType\": \"Weeks\"\r\n            }\r\n          },\r\n          \"monthlySchedule\": {\r\n            \"retentionScheduleFormatType\": \"Weekly\",\r\n            \"retentionScheduleWeekly\": {\r\n              \"daysOfTheWeek\": [ \"Sunday\" ],\r\n              \"weeksOfTheMonth\": [ \"First\" ]\r\n            },\r\n            \"retentionTimes\": [ \"2020-09-30T19:30:00.0000000Z\" ],\r\n            \"retentionDuration\": {\r\n              \"count\": 60,\r\n              \"durationType\": \"Months\"\r\n            }\r\n          },\r\n          \"yearlySchedule\": {\r\n            \"retentionScheduleFormatType\": \"Weekly\",\r\n            \"monthsOfYear\": [ \"January\" ],\r\n            \"retentionScheduleWeekly\": {\r\n              \"daysOfTheWeek\": [ \"Sunday\" ],\r\n              \"weeksOfTheMonth\": [ \"First\" ]\r\n            },\r\n            \"retentionTimes\": [ \"2020-09-30T19:30:00.0000000Z\" ],\r\n            \"retentionDuration\": {\r\n              \"count\": 10,\r\n              \"durationType\": \"Years\"\r\n            }\r\n          }\r\n        },\r\n        \"policyType\": \"Full\",\r\n        \"tieringPolicy\": {\r\n          \"ArchivedRP\": {\r\n            \"tieringMode\": \"TierAfter\",\r\n            \"duration\": 54,\r\n            \"durationType\": \"Days\"\r\n          }\r\n        }\r\n      },\r\n      {\r\n        \"schedulePolicy\": {\r\n          \"schedulePolicyType\": \"LogSchedulePolicy\",\r\n          \"scheduleFrequencyInMins\": 120\r\n        },\r\n        \"retentionPolicy\": {\r\n          \"retentionPolicyType\": \"SimpleRetentionPolicy\",\r\n          \"retentionDuration\": {\r\n            \"count\": 15,\r\n            \"durationType\": \"Days\"\r\n          }\r\n        },\r\n        \"policyType\": \"Log\"\r\n      }\r\n    ]\r\n  }\r\n}",
      "isContentBase64": false,
      "Headers": {
      },
      "ContentHeaders": {
        "Content-Type": [ "application/json" ],
        "Content-Length": [ "2666" ]
      }
    },
    "Response": {
      "StatusCode": 200,
      "Headers": {
        "Cache-Control": [ "no-cache" ],
        "Pragma": [ "no-cache" ],
        "X-Content-Type-Options": [ "nosniff" ],
        "x-ms-request-id": [ "e54f7ff2-57b0-41f5-9ebd-ad0c327ebc9f" ],
        "x-ms-client-request-id": [ "4153c044-325e-4d75-9fad-a8d083e74655" ],
        "Strict-Transport-Security": [ "max-age=31536000; includeSubDomains" ],
        "Server": [ "Kestrel" ],
        "X-Powered-By": [ "ASP.NET" ],
        "x-ms-ratelimit-remaining-subscription-writes": [ "1195" ],
        "x-ms-correlation-request-id": [ "e54f7ff2-57b0-41f5-9ebd-ad0c327ebc9f" ],
        "x-ms-routing-request-id": [ "WESTINDIA:20231106T125003Z:e54f7ff2-57b0-41f5-9ebd-ad0c327ebc9f" ],
        "Date": [ "Mon, 06 Nov 2023 12:50:02 GMT" ]
      },
      "ContentHeaders": {
        "Content-Length": [ "1821" ],
        "Content-Type": [ "application/json; charset=utf-8" ],
        "Expires": [ "-1" ]
      },
      "Content": "{\"id\":\"/subscriptions/38304e13-357e-405e-9e9a-220351dcce8c/resourceGroups/arohijain-rg/providers/Microsoft.RecoveryServices/vaults/arohijain-vault/backupPolicies/arohijain-p-1\",\"name\":\"arohijain-p-1\",\"type\":\"Microsoft.RecoveryServices/vaults/backupPolicies\",\"properties\":{\"backupManagementType\":\"AzureWorkload\",\"workLoadType\":\"SAPHanaDatabase\",\"settings\":{\"timeZone\":\"UTC\",\"issqlcompression\":false,\"isCompression\":false},\"subProtectionPolicy\":[{\"policyType\":\"Full\",\"schedulePolicy\":{\"schedulePolicyType\":\"SimpleSchedulePolicy\",\"scheduleRunFrequency\":\"Daily\",\"scheduleRunTimes\":[\"2020-09-30T19:30:00Z\"],\"scheduleWeeklyFrequency\":0},\"retentionPolicy\":{\"retentionPolicyType\":\"LongTermRetentionPolicy\",\"dailySchedule\":{\"retentionTimes\":[\"2020-09-30T19:30:00Z\"],\"retentionDuration\":{\"count\":180,\"durationType\":\"Days\"}},\"weeklySchedule\":{\"daysOfTheWeek\":[\"Sunday\"],\"retentionTimes\":[\"2020-09-30T19:30:00Z\"],\"retentionDuration\":{\"count\":104,\"durationType\":\"Weeks\"}},\"monthlySchedule\":{\"retentionScheduleFormatType\":\"Weekly\",\"retentionScheduleWeekly\":{\"daysOfTheWeek\":[\"Sunday\"],\"weeksOfTheMonth\":[\"First\"]},\"retentionTimes\":[\"2020-09-30T19:30:00Z\"],\"retentionDuration\":{\"count\":60,\"durationType\":\"Months\"}},\"yearlySchedule\":{\"retentionScheduleFormatType\":\"Weekly\",\"monthsOfYear\":[\"January\"],\"retentionScheduleWeekly\":{\"daysOfTheWeek\":[\"Sunday\"],\"weeksOfTheMonth\":[\"First\"]},\"retentionTimes\":[\"2020-09-30T19:30:00Z\"],\"retentionDuration\":{\"count\":10,\"durationType\":\"Years\"}}},\"tieringPolicy\":{\"ArchivedRP\":{\"tieringMode\":\"TierAfter\",\"duration\":54,\"durationType\":\"Days\"}}},{\"policyType\":\"Log\",\"schedulePolicy\":{\"schedulePolicyType\":\"LogSchedulePolicy\",\"scheduleFrequencyInMins\":120},\"retentionPolicy\":{\"retentionPolicyType\":\"SimpleRetentionPolicy\",\"retentionDuration\":{\"count\":15,\"durationType\":\"Days\"}}}],\"protectedItemsCount\":0}}",
      "isContentBase64": false
    }
  },
  "Edit-AzRecoveryServicesBackupRetentionPolicyClientObject+[NoContext]+TierAfter-SAPHANA+$GET+https://management.azure.com/subscriptions/38304e13-357e-405e-9e9a-220351dcce8c/resourceGroups/arohijain-rg/providers/Microsoft.RecoveryServices/vaults/arohijain-vault/backupPolicies/arohijain-p-1?api-version=2023-02-01+2": {
    "Request": {
      "Method": "GET",
      "RequestUri": "https://management.azure.com/subscriptions/38304e13-357e-405e-9e9a-220351dcce8c/resourceGroups/arohijain-rg/providers/Microsoft.RecoveryServices/vaults/arohijain-vault/backupPolicies/arohijain-p-1?api-version=2023-02-01",
      "Content": null,
      "isContentBase64": false,
      "Headers": {
        "x-ms-unique-id": [ "14" ],
        "x-ms-client-request-id": [ "8a1fb59c-b47f-40f3-a6ec-d747e1b2b9a8" ],
        "CommandName": [ "Az.RecoveryServices.Internal\\Get-AzRecoveryServicesBackupPolicy" ],
        "FullCommandName": [ "Get-AzRecoveryServicesBackupPolicy_Get" ],
        "ParameterSetName": [ "__AllParameterSets" ],
        "User-Agent": [ "AzurePowershell/v0.0.0", "PSVersion/v7.3.9", "Az.RecoveryServices/0.1.0" ],
        "Authorization": [ "[Filtered]" ]
      },
      "ContentHeaders": {
      }
    },
    "Response": {
      "StatusCode": 200,
      "Headers": {
        "Cache-Control": [ "no-cache" ],
        "Pragma": [ "no-cache" ],
        "X-Content-Type-Options": [ "nosniff" ],
        "x-ms-request-id": [ "765a58ee-64e0-4783-9d32-96a9f0e6d103" ],
        "x-ms-client-request-id": [ "8a1fb59c-b47f-40f3-a6ec-d747e1b2b9a8" ],
        "Strict-Transport-Security": [ "max-age=31536000; includeSubDomains" ],
        "Server": [ "Kestrel" ],
        "X-Powered-By": [ "ASP.NET" ],
        "x-ms-ratelimit-remaining-subscription-resource-requests": [ "295" ],
        "x-ms-correlation-request-id": [ "765a58ee-64e0-4783-9d32-96a9f0e6d103" ],
        "x-ms-routing-request-id": [ "WESTINDIA:20231106T125003Z:765a58ee-64e0-4783-9d32-96a9f0e6d103" ],
        "Date": [ "Mon, 06 Nov 2023 12:50:03 GMT" ]
      },
      "ContentHeaders": {
        "Content-Length": [ "1821" ],
        "Content-Type": [ "application/json; charset=utf-8" ],
        "Expires": [ "-1" ]
      },
      "Content": "{\"id\":\"/subscriptions/38304e13-357e-405e-9e9a-220351dcce8c/resourceGroups/arohijain-rg/providers/Microsoft.RecoveryServices/vaults/arohijain-vault/backupPolicies/arohijain-p-1\",\"name\":\"arohijain-p-1\",\"type\":\"Microsoft.RecoveryServices/vaults/backupPolicies\",\"properties\":{\"backupManagementType\":\"AzureWorkload\",\"workLoadType\":\"SAPHanaDatabase\",\"settings\":{\"timeZone\":\"UTC\",\"issqlcompression\":false,\"isCompression\":false},\"subProtectionPolicy\":[{\"policyType\":\"Full\",\"schedulePolicy\":{\"schedulePolicyType\":\"SimpleSchedulePolicy\",\"scheduleRunFrequency\":\"Daily\",\"scheduleRunTimes\":[\"2020-09-30T19:30:00Z\"],\"scheduleWeeklyFrequency\":0},\"retentionPolicy\":{\"retentionPolicyType\":\"LongTermRetentionPolicy\",\"dailySchedule\":{\"retentionTimes\":[\"2020-09-30T19:30:00Z\"],\"retentionDuration\":{\"count\":180,\"durationType\":\"Days\"}},\"weeklySchedule\":{\"daysOfTheWeek\":[\"Sunday\"],\"retentionTimes\":[\"2020-09-30T19:30:00Z\"],\"retentionDuration\":{\"count\":104,\"durationType\":\"Weeks\"}},\"monthlySchedule\":{\"retentionScheduleFormatType\":\"Weekly\",\"retentionScheduleWeekly\":{\"daysOfTheWeek\":[\"Sunday\"],\"weeksOfTheMonth\":[\"First\"]},\"retentionTimes\":[\"2020-09-30T19:30:00Z\"],\"retentionDuration\":{\"count\":60,\"durationType\":\"Months\"}},\"yearlySchedule\":{\"retentionScheduleFormatType\":\"Weekly\",\"monthsOfYear\":[\"January\"],\"retentionScheduleWeekly\":{\"daysOfTheWeek\":[\"Sunday\"],\"weeksOfTheMonth\":[\"First\"]},\"retentionTimes\":[\"2020-09-30T19:30:00Z\"],\"retentionDuration\":{\"count\":10,\"durationType\":\"Years\"}}},\"tieringPolicy\":{\"ArchivedRP\":{\"tieringMode\":\"TierAfter\",\"duration\":54,\"durationType\":\"Days\"}}},{\"policyType\":\"Log\",\"schedulePolicy\":{\"schedulePolicyType\":\"LogSchedulePolicy\",\"scheduleFrequencyInMins\":120},\"retentionPolicy\":{\"retentionPolicyType\":\"SimpleRetentionPolicy\",\"retentionDuration\":{\"count\":15,\"durationType\":\"Days\"}}}],\"protectedItemsCount\":0}}",
      "isContentBase64": false
    }
  },
  "Edit-AzRecoveryServicesBackupRetentionPolicyClientObject+[NoContext]+TierAfter-SAPHANA+$DELETE+https://management.azure.com/subscriptions/38304e13-357e-405e-9e9a-220351dcce8c/resourceGroups/arohijain-rg/providers/Microsoft.RecoveryServices/vaults/arohijain-vault/backupPolicies/arohijain-p-1?api-version=2023-02-01+3": {
    "Request": {
      "Method": "DELETE",
      "RequestUri": "https://management.azure.com/subscriptions/38304e13-357e-405e-9e9a-220351dcce8c/resourceGroups/arohijain-rg/providers/Microsoft.RecoveryServices/vaults/arohijain-vault/backupPolicies/arohijain-p-1?api-version=2023-02-01",
      "Content": null,
      "isContentBase64": false,
      "Headers": {
        "x-ms-unique-id": [ "15" ],
        "x-ms-client-request-id": [ "3bc306e1-9f04-47b4-bcab-652ad20b2f28" ],
        "CommandName": [ "Remove-AzRecoveryServicesBackupProtectionPolicy" ],
        "FullCommandName": [ "Remove-AzRecoveryServicesBackupProtectionPolicy_Delete" ],
        "ParameterSetName": [ "__AllParameterSets" ],
        "User-Agent": [ "AzurePowershell/v0.0.0", "PSVersion/v7.3.9", "Az.RecoveryServices/0.1.0" ],
        "Authorization": [ "[Filtered]" ]
      },
      "ContentHeaders": {
      }
    },
    "Response": {
      "StatusCode": 200,
      "Headers": {
        "Cache-Control": [ "no-cache" ],
        "Pragma": [ "no-cache" ],
        "X-Content-Type-Options": [ "nosniff" ],
        "x-ms-request-id": [ "cab59883-fd15-4be4-a11e-c886e3a2b673" ],
        "x-ms-client-request-id": [ "3bc306e1-9f04-47b4-bcab-652ad20b2f28" ],
        "Strict-Transport-Security": [ "max-age=31536000; includeSubDomains" ],
        "Server": [ "Kestrel" ],
        "X-Powered-By": [ "ASP.NET" ],
        "x-ms-ratelimit-remaining-subscription-deletes": [ "14995" ],
        "x-ms-correlation-request-id": [ "cab59883-fd15-4be4-a11e-c886e3a2b673" ],
        "x-ms-routing-request-id": [ "WESTINDIA:20231106T125004Z:cab59883-fd15-4be4-a11e-c886e3a2b673" ],
        "Date": [ "Mon, 06 Nov 2023 12:50:03 GMT" ]
      },
      "ContentHeaders": {
        "Expires": [ "-1" ],
        "Content-Length": [ "0" ]
      },
      "Content": null,
      "isContentBase64": false
    }
  },
  "Edit-AzRecoveryServicesBackupRetentionPolicyClientObject+[NoContext]+TierRecommended-AzureVM+$PUT+https://management.azure.com/subscriptions/38304e13-357e-405e-9e9a-220351dcce8c/resourceGroups/arohijain-rg/providers/Microsoft.RecoveryServices/vaults/arohijain-vault/backupPolicies/arohijain-p-1?api-version=2023-02-01+1": {
    "Request": {
      "Method": "PUT",
      "RequestUri": "https://management.azure.com/subscriptions/38304e13-357e-405e-9e9a-220351dcce8c/resourceGroups/arohijain-rg/providers/Microsoft.RecoveryServices/vaults/arohijain-vault/backupPolicies/arohijain-p-1?api-version=2023-02-01",
      "Content": "{\r\n  \"properties\": {\r\n    \"protectedItemsCount\": 0,\r\n    \"backupManagementType\": \"AzureIaasVM\",\r\n    \"schedulePolicy\": {\r\n      \"schedulePolicyType\": \"SimpleSchedulePolicy\",\r\n      \"scheduleRunFrequency\": \"Daily\",\r\n      \"scheduleRunTimes\": [ \"2023-05-22T14:00:00.0000000Z\" ],\r\n      \"scheduleWeeklyFrequency\": 0\r\n    },\r\n    \"retentionPolicy\": {\r\n      \"retentionPolicyType\": \"LongTermRetentionPolicy\",\r\n      \"dailySchedule\": {\r\n        \"retentionTimes\": [ \"2023-05-22T14:00:00.0000000Z\" ],\r\n        \"retentionDuration\": {\r\n          \"count\": 180,\r\n          \"durationType\": \"Days\"\r\n        }\r\n      },\r\n      \"weeklySchedule\": {\r\n        \"daysOfTheWeek\": [ \"Sunday\" ],\r\n        \"retentionTimes\": [ \"2023-05-22T14:00:00.0000000Z\" ],\r\n        \"retentionDuration\": {\r\n          \"count\": 12,\r\n          \"durationType\": \"Weeks\"\r\n        }\r\n      },\r\n      \"monthlySchedule\": {\r\n        \"retentionScheduleFormatType\": \"Weekly\",\r\n        \"retentionScheduleWeekly\": {\r\n          \"daysOfTheWeek\": [ \"Sunday\" ],\r\n          \"weeksOfTheMonth\": [ \"First\" ]\r\n        },\r\n        \"retentionTimes\": [ \"2023-05-22T14:00:00.0000000Z\" ],\r\n        \"retentionDuration\": {\r\n          \"count\": 60,\r\n          \"durationType\": \"Months\"\r\n        }\r\n      },\r\n      \"yearlySchedule\": {\r\n        \"retentionScheduleFormatType\": \"Weekly\",\r\n        \"monthsOfYear\": [ \"January\" ],\r\n        \"retentionScheduleWeekly\": {\r\n          \"daysOfTheWeek\": [ \"Sunday\" ],\r\n          \"weeksOfTheMonth\": [ \"First\" ]\r\n        },\r\n        \"retentionTimes\": [ \"2023-05-22T14:00:00.0000000Z\" ],\r\n        \"retentionDuration\": {\r\n          \"count\": 10,\r\n          \"durationType\": \"Years\"\r\n        }\r\n      }\r\n    },\r\n    \"tieringPolicy\": {\r\n      \"ArchivedRP\": {\r\n        \"tieringMode\": \"TierRecommended\",\r\n        \"duration\": 0,\r\n        \"durationType\": \"Invalid\"\r\n      }\r\n    },\r\n    \"instantRpRetentionRangeInDays\": 2,\r\n    \"timeZone\": \"UTC\",\r\n    \"policyType\": \"V1\"\r\n  }\r\n}",
      "isContentBase64": false,
      "Headers": {
      },
      "ContentHeaders": {
        "Content-Type": [ "application/json" ],
        "Content-Length": [ "1930" ]
      }
    },
    "Response": {
      "StatusCode": 200,
      "Headers": {
        "Cache-Control": [ "no-cache" ],
        "Pragma": [ "no-cache" ],
        "X-Content-Type-Options": [ "nosniff" ],
        "x-ms-request-id": [ "2badfdf0-6949-43ec-adf4-bb4187e72c3c" ],
        "x-ms-client-request-id": [ "60c21d85-22bf-4d85-903e-7ae31a5de1c6" ],
        "Strict-Transport-Security": [ "max-age=31536000; includeSubDomains" ],
        "Server": [ "Kestrel" ],
        "X-Powered-By": [ "ASP.NET" ],
        "x-ms-ratelimit-remaining-subscription-writes": [ "1194" ],
        "x-ms-correlation-request-id": [ "2badfdf0-6949-43ec-adf4-bb4187e72c3c" ],
        "x-ms-routing-request-id": [ "WESTINDIA:20231106T125005Z:2badfdf0-6949-43ec-adf4-bb4187e72c3c" ],
        "Date": [ "Mon, 06 Nov 2023 12:50:04 GMT" ]
      },
      "ContentHeaders": {
        "Content-Length": [ "1529" ],
        "Content-Type": [ "application/json; charset=utf-8" ],
        "Expires": [ "-1" ]
      },
      "Content": "{\"id\":\"/subscriptions/38304e13-357e-405e-9e9a-220351dcce8c/resourceGroups/arohijain-rg/providers/Microsoft.RecoveryServices/vaults/arohijain-vault/backupPolicies/arohijain-p-1\",\"name\":\"arohijain-p-1\",\"type\":\"Microsoft.RecoveryServices/vaults/backupPolicies\",\"properties\":{\"backupManagementType\":\"AzureIaasVM\",\"policyType\":\"V1\",\"instantRPDetails\":{},\"schedulePolicy\":{\"schedulePolicyType\":\"SimpleSchedulePolicy\",\"scheduleRunFrequency\":\"Daily\",\"scheduleRunTimes\":[\"2023-05-22T14:00:00Z\"],\"scheduleWeeklyFrequency\":0},\"retentionPolicy\":{\"retentionPolicyType\":\"LongTermRetentionPolicy\",\"dailySchedule\":{\"retentionTimes\":[\"2023-05-22T14:00:00Z\"],\"retentionDuration\":{\"count\":180,\"durationType\":\"Days\"}},\"weeklySchedule\":{\"daysOfTheWeek\":[\"Sunday\"],\"retentionTimes\":[\"2023-05-22T14:00:00Z\"],\"retentionDuration\":{\"count\":12,\"durationType\":\"Weeks\"}},\"monthlySchedule\":{\"retentionScheduleFormatType\":\"Weekly\",\"retentionScheduleWeekly\":{\"daysOfTheWeek\":[\"Sunday\"],\"weeksOfTheMonth\":[\"First\"]},\"retentionTimes\":[\"2023-05-22T14:00:00Z\"],\"retentionDuration\":{\"count\":60,\"durationType\":\"Months\"}},\"yearlySchedule\":{\"retentionScheduleFormatType\":\"Weekly\",\"monthsOfYear\":[\"January\"],\"retentionScheduleWeekly\":{\"daysOfTheWeek\":[\"Sunday\"],\"weeksOfTheMonth\":[\"First\"]},\"retentionTimes\":[\"2023-05-22T14:00:00Z\"],\"retentionDuration\":{\"count\":10,\"durationType\":\"Years\"}}},\"tieringPolicy\":{\"ArchivedRP\":{\"tieringMode\":\"TierRecommended\",\"duration\":0,\"durationType\":\"Invalid\"}},\"instantRpRetentionRangeInDays\":2,\"timeZone\":\"UTC\",\"protectedItemsCount\":0}}",
      "isContentBase64": false
    }
  },
  "Edit-AzRecoveryServicesBackupRetentionPolicyClientObject+[NoContext]+TierRecommended-AzureVM+$GET+https://management.azure.com/subscriptions/38304e13-357e-405e-9e9a-220351dcce8c/resourceGroups/arohijain-rg/providers/Microsoft.RecoveryServices/vaults/arohijain-vault/backupPolicies/arohijain-p-1?api-version=2023-02-01+2": {
    "Request": {
      "Method": "GET",
      "RequestUri": "https://management.azure.com/subscriptions/38304e13-357e-405e-9e9a-220351dcce8c/resourceGroups/arohijain-rg/providers/Microsoft.RecoveryServices/vaults/arohijain-vault/backupPolicies/arohijain-p-1?api-version=2023-02-01",
      "Content": null,
      "isContentBase64": false,
      "Headers": {
        "x-ms-unique-id": [ "17" ],
        "x-ms-client-request-id": [ "4430f03a-0a43-420e-9267-b028f1fd7fce" ],
        "CommandName": [ "Az.RecoveryServices.Internal\\Get-AzRecoveryServicesBackupPolicy" ],
        "FullCommandName": [ "Get-AzRecoveryServicesBackupPolicy_Get" ],
        "ParameterSetName": [ "__AllParameterSets" ],
        "User-Agent": [ "AzurePowershell/v0.0.0", "PSVersion/v7.3.9", "Az.RecoveryServices/0.1.0" ],
        "Authorization": [ "[Filtered]" ]
      },
      "ContentHeaders": {
      }
    },
    "Response": {
      "StatusCode": 200,
      "Headers": {
        "Cache-Control": [ "no-cache" ],
        "Pragma": [ "no-cache" ],
        "X-Content-Type-Options": [ "nosniff" ],
        "x-ms-request-id": [ "0d1fc1cf-ea8d-4ea6-b7f6-39d705b5418b" ],
        "x-ms-client-request-id": [ "4430f03a-0a43-420e-9267-b028f1fd7fce" ],
        "Strict-Transport-Security": [ "max-age=31536000; includeSubDomains" ],
        "Server": [ "Kestrel" ],
        "X-Powered-By": [ "ASP.NET" ],
        "x-ms-ratelimit-remaining-subscription-resource-requests": [ "294" ],
        "x-ms-correlation-request-id": [ "0d1fc1cf-ea8d-4ea6-b7f6-39d705b5418b" ],
        "x-ms-routing-request-id": [ "WESTINDIA:20231106T125006Z:0d1fc1cf-ea8d-4ea6-b7f6-39d705b5418b" ],
        "Date": [ "Mon, 06 Nov 2023 12:50:05 GMT" ]
      },
      "ContentHeaders": {
        "Content-Length": [ "1529" ],
        "Content-Type": [ "application/json; charset=utf-8" ],
        "Expires": [ "-1" ]
      },
      "Content": "{\"id\":\"/subscriptions/38304e13-357e-405e-9e9a-220351dcce8c/resourceGroups/arohijain-rg/providers/Microsoft.RecoveryServices/vaults/arohijain-vault/backupPolicies/arohijain-p-1\",\"name\":\"arohijain-p-1\",\"type\":\"Microsoft.RecoveryServices/vaults/backupPolicies\",\"properties\":{\"backupManagementType\":\"AzureIaasVM\",\"policyType\":\"V1\",\"instantRPDetails\":{},\"schedulePolicy\":{\"schedulePolicyType\":\"SimpleSchedulePolicy\",\"scheduleRunFrequency\":\"Daily\",\"scheduleRunTimes\":[\"2023-05-22T14:00:00Z\"],\"scheduleWeeklyFrequency\":0},\"retentionPolicy\":{\"retentionPolicyType\":\"LongTermRetentionPolicy\",\"dailySchedule\":{\"retentionTimes\":[\"2023-05-22T14:00:00Z\"],\"retentionDuration\":{\"count\":180,\"durationType\":\"Days\"}},\"weeklySchedule\":{\"daysOfTheWeek\":[\"Sunday\"],\"retentionTimes\":[\"2023-05-22T14:00:00Z\"],\"retentionDuration\":{\"count\":12,\"durationType\":\"Weeks\"}},\"monthlySchedule\":{\"retentionScheduleFormatType\":\"Weekly\",\"retentionScheduleWeekly\":{\"daysOfTheWeek\":[\"Sunday\"],\"weeksOfTheMonth\":[\"First\"]},\"retentionTimes\":[\"2023-05-22T14:00:00Z\"],\"retentionDuration\":{\"count\":60,\"durationType\":\"Months\"}},\"yearlySchedule\":{\"retentionScheduleFormatType\":\"Weekly\",\"monthsOfYear\":[\"January\"],\"retentionScheduleWeekly\":{\"daysOfTheWeek\":[\"Sunday\"],\"weeksOfTheMonth\":[\"First\"]},\"retentionTimes\":[\"2023-05-22T14:00:00Z\"],\"retentionDuration\":{\"count\":10,\"durationType\":\"Years\"}}},\"tieringPolicy\":{\"ArchivedRP\":{\"tieringMode\":\"TierRecommended\",\"duration\":0,\"durationType\":\"Invalid\"}},\"instantRpRetentionRangeInDays\":2,\"timeZone\":\"UTC\",\"protectedItemsCount\":0}}",
      "isContentBase64": false
    }
  },
  "Edit-AzRecoveryServicesBackupRetentionPolicyClientObject+[NoContext]+TierRecommended-AzureVM+$DELETE+https://management.azure.com/subscriptions/38304e13-357e-405e-9e9a-220351dcce8c/resourceGroups/arohijain-rg/providers/Microsoft.RecoveryServices/vaults/arohijain-vault/backupPolicies/arohijain-p-1?api-version=2023-02-01+3": {
    "Request": {
      "Method": "DELETE",
      "RequestUri": "https://management.azure.com/subscriptions/38304e13-357e-405e-9e9a-220351dcce8c/resourceGroups/arohijain-rg/providers/Microsoft.RecoveryServices/vaults/arohijain-vault/backupPolicies/arohijain-p-1?api-version=2023-02-01",
      "Content": null,
      "isContentBase64": false,
      "Headers": {
        "x-ms-unique-id": [ "18" ],
        "x-ms-client-request-id": [ "f2c309da-425a-40bd-8ff4-f20aef818054" ],
        "CommandName": [ "Remove-AzRecoveryServicesBackupProtectionPolicy" ],
        "FullCommandName": [ "Remove-AzRecoveryServicesBackupProtectionPolicy_Delete" ],
        "ParameterSetName": [ "__AllParameterSets" ],
        "User-Agent": [ "AzurePowershell/v0.0.0", "PSVersion/v7.3.9", "Az.RecoveryServices/0.1.0" ],
        "Authorization": [ "[Filtered]" ]
      },
      "ContentHeaders": {
      }
    },
    "Response": {
      "StatusCode": 200,
      "Headers": {
        "Cache-Control": [ "no-cache" ],
        "Pragma": [ "no-cache" ],
        "X-Content-Type-Options": [ "nosniff" ],
        "x-ms-request-id": [ "5821009c-18d5-4f9f-98f9-2b4954653c60" ],
        "x-ms-client-request-id": [ "f2c309da-425a-40bd-8ff4-f20aef818054" ],
        "Strict-Transport-Security": [ "max-age=31536000; includeSubDomains" ],
        "Server": [ "Kestrel" ],
        "X-Powered-By": [ "ASP.NET" ],
        "x-ms-ratelimit-remaining-subscription-deletes": [ "14994" ],
        "x-ms-correlation-request-id": [ "5821009c-18d5-4f9f-98f9-2b4954653c60" ],
        "x-ms-routing-request-id": [ "WESTINDIA:20231106T125007Z:5821009c-18d5-4f9f-98f9-2b4954653c60" ],
        "Date": [ "Mon, 06 Nov 2023 12:50:06 GMT" ]
      },
      "ContentHeaders": {
        "Expires": [ "-1" ],
        "Content-Length": [ "0" ]
      },
      "Content": null,
      "isContentBase64": false
    }
  }
}